Archive member included to satisfy reference by file (symbol)

c:/program files (x86)/gnu tools arm embedded/5.2 2015q4/bin/../lib/gcc/arm-none-eabi/5.2.1/armv7e-m\libgcc.a(_arm_addsubdf3.o)
                              ..\obj\tm_stm32f4_timer_properties.o (__aeabi_ui2d)
c:/program files (x86)/gnu tools arm embedded/5.2 2015q4/bin/../lib/gcc/arm-none-eabi/5.2.1/armv7e-m\libgcc.a(_arm_muldivdf3.o)
                              ..\obj\tm_stm32f4_timer_properties.o (__aeabi_ddiv)
c:/program files (x86)/gnu tools arm embedded/5.2 2015q4/bin/../lib/gcc/arm-none-eabi/5.2.1/armv7e-m\libgcc.a(_arm_cmpdf2.o)
                              ..\obj\tm_stm32f4_timer_properties.o (__aeabi_dcmpeq)
c:/program files (x86)/gnu tools arm embedded/5.2 2015q4/bin/../lib/gcc/arm-none-eabi/5.2.1/armv7e-m\libgcc.a(_arm_fixunsdfsi.o)
                              ..\obj\tm_stm32f4_timer_properties.o (__aeabi_d2uiz)
c:/program files (x86)/gnu tools arm embedded/5.2 2015q4/bin/../lib/gcc/arm-none-eabi/5.2.1/armv7e-m\libgcc.a(_arm_addsubsf3.o)
                              ..\obj\tm_stm32f4_hcsr04.o (__aeabi_ui2f)
c:/program files (x86)/gnu tools arm embedded/5.2 2015q4/bin/../lib/gcc/arm-none-eabi/5.2.1/armv7e-m\libgcc.a(_arm_muldivsf3.o)
                              ..\obj\tm_stm32f4_hcsr04.o (__aeabi_fmul)
c:/program files (x86)/gnu tools arm embedded/5.2 2015q4/bin/../lib/gcc/arm-none-eabi/5.2.1/armv7e-m\libgcc.a(_arm_cmpsf2.o)
                              ..\obj\czujnik.o (__aeabi_fcmplt)
c:/program files (x86)/gnu tools arm embedded/5.2 2015q4/bin/../lib/gcc/arm-none-eabi/5.2.1/../../../../arm-none-eabi/lib/armv7e-m\libg.a(lib_a-malloc.o)
                              ..\obj\tm_stm32f4_delay.o (malloc)
c:/program files (x86)/gnu tools arm embedded/5.2 2015q4/bin/../lib/gcc/arm-none-eabi/5.2.1/../../../../arm-none-eabi/lib/armv7e-m\libg.a(lib_a-mallocr.o)
                              c:/program files (x86)/gnu tools arm embedded/5.2 2015q4/bin/../lib/gcc/arm-none-eabi/5.2.1/../../../../arm-none-eabi/lib/armv7e-m\libg.a(lib_a-malloc.o) (_malloc_r)
c:/program files (x86)/gnu tools arm embedded/5.2 2015q4/bin/../lib/gcc/arm-none-eabi/5.2.1/../../../../arm-none-eabi/lib/armv7e-m\libg.a(lib_a-mlock.o)
                              c:/program files (x86)/gnu tools arm embedded/5.2 2015q4/bin/../lib/gcc/arm-none-eabi/5.2.1/../../../../arm-none-eabi/lib/armv7e-m\libg.a(lib_a-mallocr.o) (__malloc_lock)
c:/program files (x86)/gnu tools arm embedded/5.2 2015q4/bin/../lib/gcc/arm-none-eabi/5.2.1/../../../../arm-none-eabi/lib/armv7e-m\libg.a(lib_a-sbrkr.o)
                              c:/program files (x86)/gnu tools arm embedded/5.2 2015q4/bin/../lib/gcc/arm-none-eabi/5.2.1/../../../../arm-none-eabi/lib/armv7e-m\libg.a(lib_a-mallocr.o) (_sbrk_r)
c:/program files (x86)/gnu tools arm embedded/5.2 2015q4/bin/../lib/gcc/arm-none-eabi/5.2.1/../../../../arm-none-eabi/lib/armv7e-m\libg.a(lib_a-freer.o)
                              c:/program files (x86)/gnu tools arm embedded/5.2 2015q4/bin/../lib/gcc/arm-none-eabi/5.2.1/../../../../arm-none-eabi/lib/armv7e-m\libg.a(lib_a-malloc.o) (_free_r)
c:/program files (x86)/gnu tools arm embedded/5.2 2015q4/bin/../lib/gcc/arm-none-eabi/5.2.1/../../../../arm-none-eabi/lib/armv7e-m\libg.a(lib_a-impure.o)
                              c:/program files (x86)/gnu tools arm embedded/5.2 2015q4/bin/../lib/gcc/arm-none-eabi/5.2.1/../../../../arm-none-eabi/lib/armv7e-m\libg.a(lib_a-malloc.o) (_impure_ptr)
c:/program files (x86)/gnu tools arm embedded/5.2 2015q4/bin/../lib/gcc/arm-none-eabi/5.2.1/../../../../arm-none-eabi/lib/armv7e-m\libg.a(lib_a-reent.o)
                              c:/program files (x86)/gnu tools arm embedded/5.2 2015q4/bin/../lib/gcc/arm-none-eabi/5.2.1/../../../../arm-none-eabi/lib/armv7e-m\libg.a(lib_a-sbrkr.o) (errno)

Allocating common symbols
Common symbol       size              file

czujnik             0x14              ..\obj\czujnik.o
errno               0x4               c:/program files (x86)/gnu tools arm embedded/5.2 2015q4/bin/../lib/gcc/arm-none-eabi/5.2.1/../../../../arm-none-eabi/lib/armv7e-m\libg.a(lib_a-reent.o)
mult                0x4               ..\obj\tm_stm32f4_delay.o

Discarded input sections

 .text          0x00000000        0x0 ..\obj\bluetooth.o
 .text          0x00000000        0x0 ..\obj\stm32f4xx_syscfg.o
 .data          0x00000000        0x0 ..\obj\stm32f4xx_syscfg.o
 .bss           0x00000000        0x0 ..\obj\stm32f4xx_syscfg.o
 .text.SYSCFG_DeInit
                0x00000000       0x1c ..\obj\stm32f4xx_syscfg.o
 .text.SYSCFG_MemoryRemapConfig
                0x00000000       0x20 ..\obj\stm32f4xx_syscfg.o
 .text.SYSCFG_EXTILineConfig
                0x00000000       0x84 ..\obj\stm32f4xx_syscfg.o
 .text.SYSCFG_ETH_MediaInterfaceConfig
                0x00000000       0x1c ..\obj\stm32f4xx_syscfg.o
 .text.SYSCFG_CompensationCellCmd
                0x00000000       0x20 ..\obj\stm32f4xx_syscfg.o
 .text.SYSCFG_GetCompensationCellStatus
                0x00000000       0x30 ..\obj\stm32f4xx_syscfg.o
 .debug_info    0x00000000      0x274 ..\obj\stm32f4xx_syscfg.o
 .debug_abbrev  0x00000000      0x133 ..\obj\stm32f4xx_syscfg.o
 .debug_aranges
                0x00000000       0x48 ..\obj\stm32f4xx_syscfg.o
 .debug_ranges  0x00000000       0x38 ..\obj\stm32f4xx_syscfg.o
 .debug_line    0x00000000      0x1e0 ..\obj\stm32f4xx_syscfg.o
 .debug_str     0x00000000      0x2db ..\obj\stm32f4xx_syscfg.o
 .comment       0x00000000       0x6f ..\obj\stm32f4xx_syscfg.o
 .debug_frame   0x00000000       0xf4 ..\obj\stm32f4xx_syscfg.o
 .ARM.attributes
                0x00000000       0x33 ..\obj\stm32f4xx_syscfg.o
 .text          0x00000000        0x0 ..\obj\silniki.o
 .data          0x00000000        0x0 ..\obj\silniki.o
 .bss           0x00000000        0x0 ..\obj\silniki.o
 .text          0x00000000        0x0 ..\obj\stm32f4xx_usart.o
 .data          0x00000000        0x0 ..\obj\stm32f4xx_usart.o
 .bss           0x00000000        0x0 ..\obj\stm32f4xx_usart.o
 .text.USART_DeInit
                0x00000000       0xd4 ..\obj\stm32f4xx_usart.o
 .text.USART_StructInit
                0x00000000       0x38 ..\obj\stm32f4xx_usart.o
 .text.USART_ClockInit
                0x00000000       0x54 ..\obj\stm32f4xx_usart.o
 .text.USART_ClockStructInit
                0x00000000       0x2c ..\obj\stm32f4xx_usart.o
 .text.USART_SetPrescaler
                0x00000000       0x38 ..\obj\stm32f4xx_usart.o
 .text.USART_OverSampling8Cmd
                0x00000000       0x44 ..\obj\stm32f4xx_usart.o
 .text.USART_OneBitMethodCmd
                0x00000000       0x40 ..\obj\stm32f4xx_usart.o
 .text.USART_SetAddress
                0x00000000       0x38 ..\obj\stm32f4xx_usart.o
 .text.USART_ReceiverWakeUpCmd
                0x00000000       0x40 ..\obj\stm32f4xx_usart.o
 .text.USART_WakeUpConfig
                0x00000000       0x38 ..\obj\stm32f4xx_usart.o
 .text.USART_LINBreakDetectLengthConfig
                0x00000000       0x38 ..\obj\stm32f4xx_usart.o
 .text.USART_LINCmd
                0x00000000       0x40 ..\obj\stm32f4xx_usart.o
 .text.USART_SendBreak
                0x00000000       0x24 ..\obj\stm32f4xx_usart.o
 .text.USART_HalfDuplexCmd
                0x00000000       0x40 ..\obj\stm32f4xx_usart.o
 .text.USART_SetGuardTime
                0x00000000       0x3c ..\obj\stm32f4xx_usart.o
 .text.USART_SmartCardCmd
                0x00000000       0x40 ..\obj\stm32f4xx_usart.o
 .text.USART_SmartCardNACKCmd
                0x00000000       0x40 ..\obj\stm32f4xx_usart.o
 .text.USART_IrDAConfig
                0x00000000       0x38 ..\obj\stm32f4xx_usart.o
 .text.USART_IrDACmd
                0x00000000       0x40 ..\obj\stm32f4xx_usart.o
 .text.USART_DMACmd
                0x00000000       0x48 ..\obj\stm32f4xx_usart.o
 .text.USART_ClearFlag
                0x00000000       0x20 ..\obj\stm32f4xx_usart.o
 .text.USART_ClearITPendingBit
                0x00000000       0x38 ..\obj\stm32f4xx_usart.o
 .text          0x00000000        0x0 ..\obj\startup_stm32f4xx.o
 .data          0x00000000        0x0 ..\obj\startup_stm32f4xx.o
 .bss           0x00000000        0x0 ..\obj\startup_stm32f4xx.o
 .text          0x00000000        0x0 ..\obj\main.o
 .data          0x00000000        0x0 ..\obj\main.o
 .bss           0x00000000        0x0 ..\obj\main.o
 .text          0x00000000        0x0 ..\obj\stm32f4xx_rcc.o
 .bss           0x00000000        0x0 ..\obj\stm32f4xx_rcc.o
 .text.RCC_DeInit
                0x00000000       0x50 ..\obj\stm32f4xx_rcc.o
 .text.RCC_HSEConfig
                0x00000000       0x24 ..\obj\stm32f4xx_rcc.o
 .text.RCC_WaitForHSEStartUp
                0x00000000       0x50 ..\obj\stm32f4xx_rcc.o
 .text.RCC_AdjustHSICalibrationValue
                0x00000000       0x3c ..\obj\stm32f4xx_rcc.o
 .text.RCC_HSICmd
                0x00000000       0x20 ..\obj\stm32f4xx_rcc.o
 .text.RCC_LSEConfig
                0x00000000       0x40 ..\obj\stm32f4xx_rcc.o
 .text.RCC_LSICmd
                0x00000000       0x20 ..\obj\stm32f4xx_rcc.o
 .text.RCC_PLLConfig
                0x00000000       0x3c ..\obj\stm32f4xx_rcc.o
 .text.RCC_PLLCmd
                0x00000000       0x20 ..\obj\stm32f4xx_rcc.o
 .text.RCC_PLLI2SConfig
                0x00000000       0x28 ..\obj\stm32f4xx_rcc.o
 .text.RCC_PLLI2SCmd
                0x00000000       0x20 ..\obj\stm32f4xx_rcc.o
 .text.RCC_ClockSecuritySystemCmd
                0x00000000       0x20 ..\obj\stm32f4xx_rcc.o
 .text.RCC_MCO1Config
                0x00000000       0x3c ..\obj\stm32f4xx_rcc.o
 .text.RCC_MCO2Config
                0x00000000       0x3c ..\obj\stm32f4xx_rcc.o
 .text.RCC_SYSCLKConfig
                0x00000000       0x38 ..\obj\stm32f4xx_rcc.o
 .text.RCC_GetSYSCLKSource
                0x00000000       0x1c ..\obj\stm32f4xx_rcc.o
 .text.RCC_HCLKConfig
                0x00000000       0x38 ..\obj\stm32f4xx_rcc.o
 .text.RCC_PCLK1Config
                0x00000000       0x38 ..\obj\stm32f4xx_rcc.o
 .text.RCC_PCLK2Config
                0x00000000       0x38 ..\obj\stm32f4xx_rcc.o
 .text.RCC_RTCCLKConfig
                0x00000000       0x5c ..\obj\stm32f4xx_rcc.o
 .text.RCC_RTCCLKCmd
                0x00000000       0x20 ..\obj\stm32f4xx_rcc.o
 .text.RCC_BackupResetCmd
                0x00000000       0x20 ..\obj\stm32f4xx_rcc.o
 .text.RCC_I2SCLKConfig
                0x00000000       0x1c ..\obj\stm32f4xx_rcc.o
 .text.RCC_AHB2PeriphClockCmd
                0x00000000       0x3c ..\obj\stm32f4xx_rcc.o
 .text.RCC_AHB3PeriphClockCmd
                0x00000000       0x3c ..\obj\stm32f4xx_rcc.o
 .text.RCC_APB2PeriphClockCmd
                0x00000000       0x3c ..\obj\stm32f4xx_rcc.o
 .text.RCC_AHB1PeriphResetCmd
                0x00000000       0x3c ..\obj\stm32f4xx_rcc.o
 .text.RCC_AHB2PeriphResetCmd
                0x00000000       0x3c ..\obj\stm32f4xx_rcc.o
 .text.RCC_AHB3PeriphResetCmd
                0x00000000       0x3c ..\obj\stm32f4xx_rcc.o
 .text.RCC_APB1PeriphResetCmd
                0x00000000       0x3c ..\obj\stm32f4xx_rcc.o
 .text.RCC_APB2PeriphResetCmd
                0x00000000       0x3c ..\obj\stm32f4xx_rcc.o
 .text.RCC_AHB1PeriphClockLPModeCmd
                0x00000000       0x3c ..\obj\stm32f4xx_rcc.o
 .text.RCC_AHB2PeriphClockLPModeCmd
                0x00000000       0x3c ..\obj\stm32f4xx_rcc.o
 .text.RCC_AHB3PeriphClockLPModeCmd
                0x00000000       0x3c ..\obj\stm32f4xx_rcc.o
 .text.RCC_APB1PeriphClockLPModeCmd
                0x00000000       0x3c ..\obj\stm32f4xx_rcc.o
 .text.RCC_APB2PeriphClockLPModeCmd
                0x00000000       0x3c ..\obj\stm32f4xx_rcc.o
 .text.RCC_ITConfig
                0x00000000       0x4c ..\obj\stm32f4xx_rcc.o
 .text.RCC_GetFlagStatus
                0x00000000       0x74 ..\obj\stm32f4xx_rcc.o
 .text.RCC_ClearFlag
                0x00000000       0x1c ..\obj\stm32f4xx_rcc.o
 .text.RCC_GetITStatus
                0x00000000       0x34 ..\obj\stm32f4xx_rcc.o
 .text.RCC_ClearITPendingBit
                0x00000000       0x20 ..\obj\stm32f4xx_rcc.o
 .text          0x00000000        0x0 ..\obj\tm_stm32f4_hcsr04.o
 .data          0x00000000        0x0 ..\obj\tm_stm32f4_hcsr04.o
 .bss           0x00000000        0x0 ..\obj\tm_stm32f4_hcsr04.o
 .text          0x00000000        0x0 ..\obj\stm32f4xx_dcmi.o
 .data          0x00000000        0x0 ..\obj\stm32f4xx_dcmi.o
 .bss           0x00000000        0x0 ..\obj\stm32f4xx_dcmi.o
 .text.DCMI_DeInit
                0x00000000       0x3c ..\obj\stm32f4xx_dcmi.o
 .text.DCMI_Init
                0x00000000       0x80 ..\obj\stm32f4xx_dcmi.o
 .text.DCMI_StructInit
                0x00000000       0x3c ..\obj\stm32f4xx_dcmi.o
 .text.DCMI_CROPConfig
                0x00000000       0x3c ..\obj\stm32f4xx_dcmi.o
 .text.DCMI_CROPCmd
                0x00000000       0x38 ..\obj\stm32f4xx_dcmi.o
 .text.DCMI_SetEmbeddedSynchroCodes
                0x00000000       0x38 ..\obj\stm32f4xx_dcmi.o
 .text.DCMI_JPEGCmd
                0x00000000       0x38 ..\obj\stm32f4xx_dcmi.o
 .text.DCMI_Cmd
                0x00000000       0x38 ..\obj\stm32f4xx_dcmi.o
 .text.DCMI_CaptureCmd
                0x00000000       0x38 ..\obj\stm32f4xx_dcmi.o
 .text.DCMI_ReadData
                0x00000000       0x14 ..\obj\stm32f4xx_dcmi.o
 .text.DCMI_ITConfig
                0x00000000       0x44 ..\obj\stm32f4xx_dcmi.o
 .text.DCMI_GetFlagStatus
                0x00000000       0x60 ..\obj\stm32f4xx_dcmi.o
 .text.DCMI_ClearFlag
                0x00000000       0x20 ..\obj\stm32f4xx_dcmi.o
 .text.DCMI_GetITStatus
                0x00000000       0x3c ..\obj\stm32f4xx_dcmi.o
 .text.DCMI_ClearITPendingBit
                0x00000000       0x20 ..\obj\stm32f4xx_dcmi.o
 .debug_info    0x00000000      0x554 ..\obj\stm32f4xx_dcmi.o
 .debug_abbrev  0x00000000      0x189 ..\obj\stm32f4xx_dcmi.o
 .debug_aranges
                0x00000000       0x90 ..\obj\stm32f4xx_dcmi.o
 .debug_ranges  0x00000000       0x80 ..\obj\stm32f4xx_dcmi.o
 .debug_line    0x00000000      0x2f4 ..\obj\stm32f4xx_dcmi.o
 .debug_str     0x00000000      0x4c0 ..\obj\stm32f4xx_dcmi.o
 .comment       0x00000000       0x6f ..\obj\stm32f4xx_dcmi.o
 .debug_frame   0x00000000      0x258 ..\obj\stm32f4xx_dcmi.o
 .ARM.attributes
                0x00000000       0x33 ..\obj\stm32f4xx_dcmi.o
 .text          0x00000000        0x0 ..\obj\tm_stm32f4_delay.o
 .data          0x00000000        0x0 ..\obj\tm_stm32f4_delay.o
 .text.TM_DELAY_EnableDelayTimer
                0x00000000       0x2c ..\obj\tm_stm32f4_delay.o
 .text.TM_DELAY_DisableDelayTimer
                0x00000000       0x1c ..\obj\tm_stm32f4_delay.o
 .text.TM_DELAY_TimerCreate
                0x00000000       0x7c ..\obj\tm_stm32f4_delay.o
 .text.TM_DELAY_TimerDelete
                0x00000000       0xa8 ..\obj\tm_stm32f4_delay.o
 .text.TM_DELAY_TimerStop
                0x00000000       0x1c ..\obj\tm_stm32f4_delay.o
 .text.TM_DELAY_TimerStart
                0x00000000       0x1c ..\obj\tm_stm32f4_delay.o
 .text.TM_DELAY_TimerReset
                0x00000000       0x1c ..\obj\tm_stm32f4_delay.o
 .text.TM_DELAY_TimerAutoReload
                0x00000000       0x20 ..\obj\tm_stm32f4_delay.o
 .text.TM_DELAY_TimerAutoReloadValue
                0x00000000       0x1c ..\obj\tm_stm32f4_delay.o
 .text          0x00000000        0x0 ..\obj\stm32f4xx_gpio.o
 .data          0x00000000        0x0 ..\obj\stm32f4xx_gpio.o
 .bss           0x00000000        0x0 ..\obj\stm32f4xx_gpio.o
 .text.GPIO_DeInit
                0x00000000      0x120 ..\obj\stm32f4xx_gpio.o
 .text.GPIO_StructInit
                0x00000000       0x34 ..\obj\stm32f4xx_gpio.o
 .text.GPIO_PinLockConfig
                0x00000000       0x44 ..\obj\stm32f4xx_gpio.o
 .text.GPIO_ReadInputDataBit
                0x00000000       0x34 ..\obj\stm32f4xx_gpio.o
 .text.GPIO_ReadInputData
                0x00000000       0x18 ..\obj\stm32f4xx_gpio.o
 .text.GPIO_ReadOutputDataBit
                0x00000000       0x34 ..\obj\stm32f4xx_gpio.o
 .text.GPIO_ReadOutputData
                0x00000000       0x18 ..\obj\stm32f4xx_gpio.o
 .text.GPIO_WriteBit
                0x00000000       0x30 ..\obj\stm32f4xx_gpio.o
 .text.GPIO_Write
                0x00000000       0x1c ..\obj\stm32f4xx_gpio.o
 .text.GPIO_ToggleBits
                0x00000000       0x24 ..\obj\stm32f4xx_gpio.o
 .text          0x00000000        0x0 ..\obj\system_stm32f4xx.o
 .bss           0x00000000        0x0 ..\obj\system_stm32f4xx.o
 .text.SystemCoreClockUpdate
                0x00000000       0xf8 ..\obj\system_stm32f4xx.o
 .text          0x00000000        0x0 ..\obj\czujnik.o
 .data          0x00000000        0x0 ..\obj\czujnik.o
 .bss           0x00000000        0x0 ..\obj\czujnik.o
 .text          0x00000000        0x0 ..\obj\stm32f4xx_exti.o
 .data          0x00000000        0x0 ..\obj\stm32f4xx_exti.o
 .bss           0x00000000        0x0 ..\obj\stm32f4xx_exti.o
 .text.EXTI_DeInit
                0x00000000       0x34 ..\obj\stm32f4xx_exti.o
 .text.EXTI_Init
                0x00000000       0xe4 ..\obj\stm32f4xx_exti.o
 .text.EXTI_StructInit
                0x00000000       0x2c ..\obj\stm32f4xx_exti.o
 .text.EXTI_GenerateSWInterrupt
                0x00000000       0x24 ..\obj\stm32f4xx_exti.o
 .text.EXTI_GetFlagStatus
                0x00000000       0x34 ..\obj\stm32f4xx_exti.o
 .text.EXTI_ClearFlag
                0x00000000       0x1c ..\obj\stm32f4xx_exti.o
 .text.EXTI_GetITStatus
                0x00000000       0x48 ..\obj\stm32f4xx_exti.o
 .text.EXTI_ClearITPendingBit
                0x00000000       0x1c ..\obj\stm32f4xx_exti.o
 .debug_info    0x00000000      0x357 ..\obj\stm32f4xx_exti.o
 .debug_abbrev  0x00000000      0x1a9 ..\obj\stm32f4xx_exti.o
 .debug_aranges
                0x00000000       0x58 ..\obj\stm32f4xx_exti.o
 .debug_ranges  0x00000000       0x48 ..\obj\stm32f4xx_exti.o
 .debug_line    0x00000000      0x25d ..\obj\stm32f4xx_exti.o
 .debug_str     0x00000000      0x340 ..\obj\stm32f4xx_exti.o
 .comment       0x00000000       0x6f ..\obj\stm32f4xx_exti.o
 .debug_frame   0x00000000      0x148 ..\obj\stm32f4xx_exti.o
 .ARM.attributes
                0x00000000       0x33 ..\obj\stm32f4xx_exti.o
 .text          0x00000000        0x0 ..\obj\misc.o
 .data          0x00000000        0x0 ..\obj\misc.o
 .bss           0x00000000        0x0 ..\obj\misc.o
 .text.NVIC_SetVectorTable
                0x00000000       0x2c ..\obj\misc.o
 .text.NVIC_SystemLPConfig
                0x00000000       0x40 ..\obj\misc.o
 .text.SysTick_CLKSourceConfig
                0x00000000       0x38 ..\obj\misc.o
 .text          0x00000000        0x0 ..\obj\tm_stm32f4_gpio.o
 .data          0x00000000        0x0 ..\obj\tm_stm32f4_gpio.o
 .text.TM_GPIO_InitAlternate
                0x00000000       0xa8 ..\obj\tm_stm32f4_gpio.o
 .text.TM_GPIO_DeInit
                0x00000000       0x80 ..\obj\tm_stm32f4_gpio.o
 .text.TM_GPIO_SetPinAsInput
                0x00000000       0x50 ..\obj\tm_stm32f4_gpio.o
 .text.TM_GPIO_SetPinAsOutput
                0x00000000       0x5c ..\obj\tm_stm32f4_gpio.o
 .text.TM_GPIO_SetPinAsAnalog
                0x00000000       0x4c ..\obj\tm_stm32f4_gpio.o
 .text.TM_GPIO_SetPinAsAlternate
                0x00000000       0x60 ..\obj\tm_stm32f4_gpio.o
 .text.TM_GPIO_SetPullResistor
                0x00000000       0x64 ..\obj\tm_stm32f4_gpio.o
 .text.TM_GPIO_Lock
                0x00000000       0x38 ..\obj\tm_stm32f4_gpio.o
 .text.TM_GPIO_GetPinSource
                0x00000000       0x30 ..\obj\tm_stm32f4_gpio.o
 .text.TM_GPIO_INT_DisableClock
                0x00000000       0x30 ..\obj\tm_stm32f4_gpio.o
 .text.TM_GPIO_GetUsedPins
                0x00000000       0x24 ..\obj\tm_stm32f4_gpio.o
 .text.TM_GPIO_GetFreePins
                0x00000000       0x28 ..\obj\tm_stm32f4_gpio.o
 .text          0x00000000        0x0 ..\obj\tm_stm32f4_timer_properties.o
 .data          0x00000000        0x0 ..\obj\tm_stm32f4_timer_properties.o
 .bss           0x00000000        0x0 ..\obj\tm_stm32f4_timer_properties.o
 .text.TM_TIMER_PROPERTIES_GetTimerProperties
                0x00000000      0x100 ..\obj\tm_stm32f4_timer_properties.o
 .text.TM_TIMER_PROPERTIES_GenerateDataForWorkingFrequency
                0x00000000      0x118 ..\obj\tm_stm32f4_timer_properties.o
 .text.TM_TIMER_PROPERTIES_EnableClock
                0x00000000      0x148 ..\obj\tm_stm32f4_timer_properties.o
 .text.TM_TIMER_PROPERTIES_DisableClock
                0x00000000      0x148 ..\obj\tm_stm32f4_timer_properties.o
 .debug_info    0x00000000      0x481 ..\obj\tm_stm32f4_timer_properties.o
 .debug_abbrev  0x00000000      0x10b ..\obj\tm_stm32f4_timer_properties.o
 .debug_aranges
                0x00000000       0x38 ..\obj\tm_stm32f4_timer_properties.o
 .debug_ranges  0x00000000       0x28 ..\obj\tm_stm32f4_timer_properties.o
 .debug_line    0x00000000      0x295 ..\obj\tm_stm32f4_timer_properties.o
 .debug_str     0x00000000      0x4d0 ..\obj\tm_stm32f4_timer_properties.o
 .comment       0x00000000       0x6f ..\obj\tm_stm32f4_timer_properties.o
 .debug_frame   0x00000000       0xa4 ..\obj\tm_stm32f4_timer_properties.o
 .ARM.attributes
                0x00000000       0x33 ..\obj\tm_stm32f4_timer_properties.o
 .text          0x00000000        0x0 ..\obj\stm32f4xx_tim.o
 .data          0x00000000        0x0 ..\obj\stm32f4xx_tim.o
 .bss           0x00000000        0x0 ..\obj\stm32f4xx_tim.o
 .text.TIM_DeInit
                0x00000000      0x1c0 ..\obj\stm32f4xx_tim.o
 .text.TIM_TimeBaseStructInit
                0x00000000       0x34 ..\obj\stm32f4xx_tim.o
 .text.TIM_PrescalerConfig
                0x00000000       0x28 ..\obj\stm32f4xx_tim.o
 .text.TIM_CounterModeConfig
                0x00000000       0x38 ..\obj\stm32f4xx_tim.o
 .text.TIM_SetCounter
                0x00000000       0x1c ..\obj\stm32f4xx_tim.o
 .text.TIM_SetAutoreload
                0x00000000       0x1c ..\obj\stm32f4xx_tim.o
 .text.TIM_GetCounter
                0x00000000       0x18 ..\obj\stm32f4xx_tim.o
 .text.TIM_GetPrescaler
                0x00000000       0x18 ..\obj\stm32f4xx_tim.o
 .text.TIM_UpdateDisableConfig
                0x00000000       0x40 ..\obj\stm32f4xx_tim.o
 .text.TIM_UpdateRequestConfig
                0x00000000       0x40 ..\obj\stm32f4xx_tim.o
 .text.TIM_ARRPreloadConfig
                0x00000000       0x40 ..\obj\stm32f4xx_tim.o
 .text.TIM_SelectOnePulseMode
                0x00000000       0x38 ..\obj\stm32f4xx_tim.o
 .text.TIM_SetClockDivision
                0x00000000       0x38 ..\obj\stm32f4xx_tim.o
 .text.TIM_OC2Init
                0x00000000      0x110 ..\obj\stm32f4xx_tim.o
 .text.TIM_OC4Init
                0x00000000       0xcc ..\obj\stm32f4xx_tim.o
 .text.TIM_OCStructInit
                0x00000000       0x44 ..\obj\stm32f4xx_tim.o
 .text.TIM_SelectOCxM
                0x00000000       0xb0 ..\obj\stm32f4xx_tim.o
 .text.TIM_SetCompare1
                0x00000000       0x1c ..\obj\stm32f4xx_tim.o
 .text.TIM_SetCompare2
                0x00000000       0x1c ..\obj\stm32f4xx_tim.o
 .text.TIM_SetCompare3
                0x00000000       0x1c ..\obj\stm32f4xx_tim.o
 .text.TIM_SetCompare4
                0x00000000       0x1c ..\obj\stm32f4xx_tim.o
 .text.TIM_ForcedOC1Config
                0x00000000       0x38 ..\obj\stm32f4xx_tim.o
 .text.TIM_ForcedOC2Config
                0x00000000       0x3c ..\obj\stm32f4xx_tim.o
 .text.TIM_ForcedOC3Config
                0x00000000       0x38 ..\obj\stm32f4xx_tim.o
 .text.TIM_ForcedOC4Config
                0x00000000       0x3c ..\obj\stm32f4xx_tim.o
 .text.TIM_OC2PreloadConfig
                0x00000000       0x3c ..\obj\stm32f4xx_tim.o
 .text.TIM_OC4PreloadConfig
                0x00000000       0x3c ..\obj\stm32f4xx_tim.o
 .text.TIM_OC1FastConfig
                0x00000000       0x38 ..\obj\stm32f4xx_tim.o
 .text.TIM_OC2FastConfig
                0x00000000       0x3c ..\obj\stm32f4xx_tim.o
 .text.TIM_OC3FastConfig
                0x00000000       0x38 ..\obj\stm32f4xx_tim.o
 .text.TIM_OC4FastConfig
                0x00000000       0x3c ..\obj\stm32f4xx_tim.o
 .text.TIM_ClearOC1Ref
                0x00000000       0x38 ..\obj\stm32f4xx_tim.o
 .text.TIM_ClearOC2Ref
                0x00000000       0x3c ..\obj\stm32f4xx_tim.o
 .text.TIM_ClearOC3Ref
                0x00000000       0x38 ..\obj\stm32f4xx_tim.o
 .text.TIM_ClearOC4Ref
                0x00000000       0x3c ..\obj\stm32f4xx_tim.o
 .text.TIM_OC1PolarityConfig
                0x00000000       0x38 ..\obj\stm32f4xx_tim.o
 .text.TIM_OC1NPolarityConfig
                0x00000000       0x38 ..\obj\stm32f4xx_tim.o
 .text.TIM_OC2PolarityConfig
                0x00000000       0x3c ..\obj\stm32f4xx_tim.o
 .text.TIM_OC2NPolarityConfig
                0x00000000       0x3c ..\obj\stm32f4xx_tim.o
 .text.TIM_OC3PolarityConfig
                0x00000000       0x3c ..\obj\stm32f4xx_tim.o
 .text.TIM_OC3NPolarityConfig
                0x00000000       0x3c ..\obj\stm32f4xx_tim.o
 .text.TIM_OC4PolarityConfig
                0x00000000       0x3c ..\obj\stm32f4xx_tim.o
 .text.TIM_CCxCmd
                0x00000000       0x5c ..\obj\stm32f4xx_tim.o
 .text.TIM_CCxNCmd
                0x00000000       0x5c ..\obj\stm32f4xx_tim.o
 .text.TIM_ICInit
                0x00000000       0xa8 ..\obj\stm32f4xx_tim.o
 .text.TIM_ICStructInit
                0x00000000       0x30 ..\obj\stm32f4xx_tim.o
 .text.TIM_PWMIConfig
                0x00000000       0xb8 ..\obj\stm32f4xx_tim.o
 .text.TIM_GetCapture1
                0x00000000       0x18 ..\obj\stm32f4xx_tim.o
 .text.TIM_GetCapture2
                0x00000000       0x18 ..\obj\stm32f4xx_tim.o
 .text.TIM_GetCapture3
                0x00000000       0x18 ..\obj\stm32f4xx_tim.o
 .text.TIM_GetCapture4
                0x00000000       0x18 ..\obj\stm32f4xx_tim.o
 .text.TIM_SetIC1Prescaler
                0x00000000       0x38 ..\obj\stm32f4xx_tim.o
 .text.TIM_SetIC2Prescaler
                0x00000000       0x3c ..\obj\stm32f4xx_tim.o
 .text.TIM_SetIC3Prescaler
                0x00000000       0x38 ..\obj\stm32f4xx_tim.o
 .text.TIM_SetIC4Prescaler
                0x00000000       0x3c ..\obj\stm32f4xx_tim.o
 .text.TIM_BDTRConfig
                0x00000000       0x50 ..\obj\stm32f4xx_tim.o
 .text.TIM_BDTRStructInit
                0x00000000       0x3c ..\obj\stm32f4xx_tim.o
 .text.TIM_CtrlPWMOutputs
                0x00000000       0x4c ..\obj\stm32f4xx_tim.o
 .text.TIM_SelectCOM
                0x00000000       0x40 ..\obj\stm32f4xx_tim.o
 .text.TIM_CCPreloadControl
                0x00000000       0x40 ..\obj\stm32f4xx_tim.o
 .text.TIM_GenerateEvent
                0x00000000       0x1c ..\obj\stm32f4xx_tim.o
 .text.TIM_GetFlagStatus
                0x00000000       0x38 ..\obj\stm32f4xx_tim.o
 .text.TIM_ClearFlag
                0x00000000       0x20 ..\obj\stm32f4xx_tim.o
 .text.TIM_DMAConfig
                0x00000000       0x28 ..\obj\stm32f4xx_tim.o
 .text.TIM_DMACmd
                0x00000000       0x48 ..\obj\stm32f4xx_tim.o
 .text.TIM_SelectCCDMA
                0x00000000       0x40 ..\obj\stm32f4xx_tim.o
 .text.TIM_InternalClockConfig
                0x00000000       0x24 ..\obj\stm32f4xx_tim.o
 .text.TIM_ITRxExternalClockConfig
                0x00000000       0x30 ..\obj\stm32f4xx_tim.o
 .text.TIM_TIxExternalClockConfig
                0x00000000       0x5c ..\obj\stm32f4xx_tim.o
 .text.TIM_ETRClockMode1Config
                0x00000000       0x60 ..\obj\stm32f4xx_tim.o
 .text.TIM_ETRClockMode2Config
                0x00000000       0x40 ..\obj\stm32f4xx_tim.o
 .text.TIM_SelectInputTrigger
                0x00000000       0x38 ..\obj\stm32f4xx_tim.o
 .text.TIM_SelectOutputTrigger
                0x00000000       0x38 ..\obj\stm32f4xx_tim.o
 .text.TIM_SelectSlaveMode
                0x00000000       0x38 ..\obj\stm32f4xx_tim.o
 .text.TIM_SelectMasterSlaveMode
                0x00000000       0x38 ..\obj\stm32f4xx_tim.o
 .text.TIM_ETRConfig
                0x00000000       0x54 ..\obj\stm32f4xx_tim.o
 .text.TIM_EncoderInterfaceConfig
                0x00000000       0x98 ..\obj\stm32f4xx_tim.o
 .text.TIM_SelectHallSensor
                0x00000000       0x40 ..\obj\stm32f4xx_tim.o
 .text.TIM_RemapConfig
                0x00000000       0x20 ..\obj\stm32f4xx_tim.o
 .text.TI1_Config
                0x00000000       0x84 ..\obj\stm32f4xx_tim.o
 .text.TI2_Config
                0x00000000       0x98 ..\obj\stm32f4xx_tim.o
 .text.TI3_Config
                0x00000000       0x90 ..\obj\stm32f4xx_tim.o
 .text.TI4_Config
                0x00000000       0x9c ..\obj\stm32f4xx_tim.o
 .text          0x00000000      0x370 c:/program files (x86)/gnu tools arm embedded/5.2 2015q4/bin/../lib/gcc/arm-none-eabi/5.2.1/armv7e-m\libgcc.a(_arm_addsubdf3.o)
 .data          0x00000000        0x0 c:/program files (x86)/gnu tools arm embedded/5.2 2015q4/bin/../lib/gcc/arm-none-eabi/5.2.1/armv7e-m\libgcc.a(_arm_addsubdf3.o)
 .bss           0x00000000        0x0 c:/program files (x86)/gnu tools arm embedded/5.2 2015q4/bin/../lib/gcc/arm-none-eabi/5.2.1/armv7e-m\libgcc.a(_arm_addsubdf3.o)
 .ARM.attributes
                0x00000000       0x1e c:/program files (x86)/gnu tools arm embedded/5.2 2015q4/bin/../lib/gcc/arm-none-eabi/5.2.1/armv7e-m\libgcc.a(_arm_addsubdf3.o)
 .text          0x00000000      0x424 c:/program files (x86)/gnu tools arm embedded/5.2 2015q4/bin/../lib/gcc/arm-none-eabi/5.2.1/armv7e-m\libgcc.a(_arm_muldivdf3.o)
 .data          0x00000000        0x0 c:/program files (x86)/gnu tools arm embedded/5.2 2015q4/bin/../lib/gcc/arm-none-eabi/5.2.1/armv7e-m\libgcc.a(_arm_muldivdf3.o)
 .bss           0x00000000        0x0 c:/program files (x86)/gnu tools arm embedded/5.2 2015q4/bin/../lib/gcc/arm-none-eabi/5.2.1/armv7e-m\libgcc.a(_arm_muldivdf3.o)
 .ARM.attributes
                0x00000000       0x1e c:/program files (x86)/gnu tools arm embedded/5.2 2015q4/bin/../lib/gcc/arm-none-eabi/5.2.1/armv7e-m\libgcc.a(_arm_muldivdf3.o)
 .text          0x00000000      0x110 c:/program files (x86)/gnu tools arm embedded/5.2 2015q4/bin/../lib/gcc/arm-none-eabi/5.2.1/armv7e-m\libgcc.a(_arm_cmpdf2.o)
 .data          0x00000000        0x0 c:/program files (x86)/gnu tools arm embedded/5.2 2015q4/bin/../lib/gcc/arm-none-eabi/5.2.1/armv7e-m\libgcc.a(_arm_cmpdf2.o)
 .bss           0x00000000        0x0 c:/program files (x86)/gnu tools arm embedded/5.2 2015q4/bin/../lib/gcc/arm-none-eabi/5.2.1/armv7e-m\libgcc.a(_arm_cmpdf2.o)
 .ARM.attributes
                0x00000000       0x1e c:/program files (x86)/gnu tools arm embedded/5.2 2015q4/bin/../lib/gcc/arm-none-eabi/5.2.1/armv7e-m\libgcc.a(_arm_cmpdf2.o)
 .text          0x00000000       0x40 c:/program files (x86)/gnu tools arm embedded/5.2 2015q4/bin/../lib/gcc/arm-none-eabi/5.2.1/armv7e-m\libgcc.a(_arm_fixunsdfsi.o)
 .data          0x00000000        0x0 c:/program files (x86)/gnu tools arm embedded/5.2 2015q4/bin/../lib/gcc/arm-none-eabi/5.2.1/armv7e-m\libgcc.a(_arm_fixunsdfsi.o)
 .bss           0x00000000        0x0 c:/program files (x86)/gnu tools arm embedded/5.2 2015q4/bin/../lib/gcc/arm-none-eabi/5.2.1/armv7e-m\libgcc.a(_arm_fixunsdfsi.o)
 .ARM.attributes
                0x00000000       0x1e c:/program files (x86)/gnu tools arm embedded/5.2 2015q4/bin/../lib/gcc/arm-none-eabi/5.2.1/armv7e-m\libgcc.a(_arm_fixunsdfsi.o)
 .data          0x00000000        0x0 c:/program files (x86)/gnu tools arm embedded/5.2 2015q4/bin/../lib/gcc/arm-none-eabi/5.2.1/armv7e-m\libgcc.a(_arm_addsubsf3.o)
 .bss           0x00000000        0x0 c:/program files (x86)/gnu tools arm embedded/5.2 2015q4/bin/../lib/gcc/arm-none-eabi/5.2.1/armv7e-m\libgcc.a(_arm_addsubsf3.o)
 .data          0x00000000        0x0 c:/program files (x86)/gnu tools arm embedded/5.2 2015q4/bin/../lib/gcc/arm-none-eabi/5.2.1/armv7e-m\libgcc.a(_arm_muldivsf3.o)
 .bss           0x00000000        0x0 c:/program files (x86)/gnu tools arm embedded/5.2 2015q4/bin/../lib/gcc/arm-none-eabi/5.2.1/armv7e-m\libgcc.a(_arm_muldivsf3.o)
 .data          0x00000000        0x0 c:/program files (x86)/gnu tools arm embedded/5.2 2015q4/bin/../lib/gcc/arm-none-eabi/5.2.1/armv7e-m\libgcc.a(_arm_cmpsf2.o)
 .bss           0x00000000        0x0 c:/program files (x86)/gnu tools arm embedded/5.2 2015q4/bin/../lib/gcc/arm-none-eabi/5.2.1/armv7e-m\libgcc.a(_arm_cmpsf2.o)
 .text          0x00000000        0x0 c:/program files (x86)/gnu tools arm embedded/5.2 2015q4/bin/../lib/gcc/arm-none-eabi/5.2.1/../../../../arm-none-eabi/lib/armv7e-m\libg.a(lib_a-malloc.o)
 .data          0x00000000        0x0 c:/program files (x86)/gnu tools arm embedded/5.2 2015q4/bin/../lib/gcc/arm-none-eabi/5.2.1/../../../../arm-none-eabi/lib/armv7e-m\libg.a(lib_a-malloc.o)
 .bss           0x00000000        0x0 c:/program files (x86)/gnu tools arm embedded/5.2 2015q4/bin/../lib/gcc/arm-none-eabi/5.2.1/../../../../arm-none-eabi/lib/armv7e-m\libg.a(lib_a-malloc.o)
 .text.malloc   0x00000000       0x10 c:/program files (x86)/gnu tools arm embedded/5.2 2015q4/bin/../lib/gcc/arm-none-eabi/5.2.1/../../../../arm-none-eabi/lib/armv7e-m\libg.a(lib_a-malloc.o)
 .text.free     0x00000000       0x10 c:/program files (x86)/gnu tools arm embedded/5.2 2015q4/bin/../lib/gcc/arm-none-eabi/5.2.1/../../../../arm-none-eabi/lib/armv7e-m\libg.a(lib_a-malloc.o)
 .debug_frame   0x00000000       0x30 c:/program files (x86)/gnu tools arm embedded/5.2 2015q4/bin/../lib/gcc/arm-none-eabi/5.2.1/../../../../arm-none-eabi/lib/armv7e-m\libg.a(lib_a-malloc.o)
 .ARM.attributes
                0x00000000       0x2e c:/program files (x86)/gnu tools arm embedded/5.2 2015q4/bin/../lib/gcc/arm-none-eabi/5.2.1/../../../../arm-none-eabi/lib/armv7e-m\libg.a(lib_a-malloc.o)
 .text          0x00000000        0x0 c:/program files (x86)/gnu tools arm embedded/5.2 2015q4/bin/../lib/gcc/arm-none-eabi/5.2.1/../../../../arm-none-eabi/lib/armv7e-m\libg.a(lib_a-mallocr.o)
 .data          0x00000000        0x0 c:/program files (x86)/gnu tools arm embedded/5.2 2015q4/bin/../lib/gcc/arm-none-eabi/5.2.1/../../../../arm-none-eabi/lib/armv7e-m\libg.a(lib_a-mallocr.o)
 .bss           0x00000000        0x0 c:/program files (x86)/gnu tools arm embedded/5.2 2015q4/bin/../lib/gcc/arm-none-eabi/5.2.1/../../../../arm-none-eabi/lib/armv7e-m\libg.a(lib_a-mallocr.o)
 .text._malloc_r
                0x00000000      0x570 c:/program files (x86)/gnu tools arm embedded/5.2 2015q4/bin/../lib/gcc/arm-none-eabi/5.2.1/../../../../arm-none-eabi/lib/armv7e-m\libg.a(lib_a-mallocr.o)
 .data.__malloc_av_
                0x00000000      0x408 c:/program files (x86)/gnu tools arm embedded/5.2 2015q4/bin/../lib/gcc/arm-none-eabi/5.2.1/../../../../arm-none-eabi/lib/armv7e-m\libg.a(lib_a-mallocr.o)
 .data.__malloc_trim_threshold
                0x00000000        0x4 c:/program files (x86)/gnu tools arm embedded/5.2 2015q4/bin/../lib/gcc/arm-none-eabi/5.2.1/../../../../arm-none-eabi/lib/armv7e-m\libg.a(lib_a-mallocr.o)
 .bss.__malloc_max_total_mem
                0x00000000        0x4 c:/program files (x86)/gnu tools arm embedded/5.2 2015q4/bin/../lib/gcc/arm-none-eabi/5.2.1/../../../../arm-none-eabi/lib/armv7e-m\libg.a(lib_a-mallocr.o)
 .bss.__malloc_max_sbrked_mem
                0x00000000        0x4 c:/program files (x86)/gnu tools arm embedded/5.2 2015q4/bin/../lib/gcc/arm-none-eabi/5.2.1/../../../../arm-none-eabi/lib/armv7e-m\libg.a(lib_a-mallocr.o)
 .bss.__malloc_top_pad
                0x00000000        0x4 c:/program files (x86)/gnu tools arm embedded/5.2 2015q4/bin/../lib/gcc/arm-none-eabi/5.2.1/../../../../arm-none-eabi/lib/armv7e-m\libg.a(lib_a-mallocr.o)
 .bss.__malloc_current_mallinfo
                0x00000000       0x28 c:/program files (x86)/gnu tools arm embedded/5.2 2015q4/bin/../lib/gcc/arm-none-eabi/5.2.1/../../../../arm-none-eabi/lib/armv7e-m\libg.a(lib_a-mallocr.o)
 .data.__malloc_sbrk_base
                0x00000000        0x4 c:/program files (x86)/gnu tools arm embedded/5.2 2015q4/bin/../lib/gcc/arm-none-eabi/5.2.1/../../../../arm-none-eabi/lib/armv7e-m\libg.a(lib_a-mallocr.o)
 .debug_frame   0x00000000       0x58 c:/program files (x86)/gnu tools arm embedded/5.2 2015q4/bin/../lib/gcc/arm-none-eabi/5.2.1/../../../../arm-none-eabi/lib/armv7e-m\libg.a(lib_a-mallocr.o)
 .ARM.attributes
                0x00000000       0x2e c:/program files (x86)/gnu tools arm embedded/5.2 2015q4/bin/../lib/gcc/arm-none-eabi/5.2.1/../../../../arm-none-eabi/lib/armv7e-m\libg.a(lib_a-mallocr.o)
 .text          0x00000000        0x0 c:/program files (x86)/gnu tools arm embedded/5.2 2015q4/bin/../lib/gcc/arm-none-eabi/5.2.1/../../../../arm-none-eabi/lib/armv7e-m\libg.a(lib_a-mlock.o)
 .data          0x00000000        0x0 c:/program files (x86)/gnu tools arm embedded/5.2 2015q4/bin/../lib/gcc/arm-none-eabi/5.2.1/../../../../arm-none-eabi/lib/armv7e-m\libg.a(lib_a-mlock.o)
 .bss           0x00000000        0x0 c:/program files (x86)/gnu tools arm embedded/5.2 2015q4/bin/../lib/gcc/arm-none-eabi/5.2.1/../../../../arm-none-eabi/lib/armv7e-m\libg.a(lib_a-mlock.o)
 .text.__malloc_lock
                0x00000000        0x4 c:/program files (x86)/gnu tools arm embedded/5.2 2015q4/bin/../lib/gcc/arm-none-eabi/5.2.1/../../../../arm-none-eabi/lib/armv7e-m\libg.a(lib_a-mlock.o)
 .text.__malloc_unlock
                0x00000000        0x4 c:/program files (x86)/gnu tools arm embedded/5.2 2015q4/bin/../lib/gcc/arm-none-eabi/5.2.1/../../../../arm-none-eabi/lib/armv7e-m\libg.a(lib_a-mlock.o)
 .debug_frame   0x00000000       0x30 c:/program files (x86)/gnu tools arm embedded/5.2 2015q4/bin/../lib/gcc/arm-none-eabi/5.2.1/../../../../arm-none-eabi/lib/armv7e-m\libg.a(lib_a-mlock.o)
 .ARM.attributes
                0x00000000       0x2e c:/program files (x86)/gnu tools arm embedded/5.2 2015q4/bin/../lib/gcc/arm-none-eabi/5.2.1/../../../../arm-none-eabi/lib/armv7e-m\libg.a(lib_a-mlock.o)
 .text          0x00000000        0x0 c:/program files (x86)/gnu tools arm embedded/5.2 2015q4/bin/../lib/gcc/arm-none-eabi/5.2.1/../../../../arm-none-eabi/lib/armv7e-m\libg.a(lib_a-sbrkr.o)
 .data          0x00000000        0x0 c:/program files (x86)/gnu tools arm embedded/5.2 2015q4/bin/../lib/gcc/arm-none-eabi/5.2.1/../../../../arm-none-eabi/lib/armv7e-m\libg.a(lib_a-sbrkr.o)
 .bss           0x00000000        0x0 c:/program files (x86)/gnu tools arm embedded/5.2 2015q4/bin/../lib/gcc/arm-none-eabi/5.2.1/../../../../arm-none-eabi/lib/armv7e-m\libg.a(lib_a-sbrkr.o)
 .text._sbrk_r  0x00000000       0x24 c:/program files (x86)/gnu tools arm embedded/5.2 2015q4/bin/../lib/gcc/arm-none-eabi/5.2.1/../../../../arm-none-eabi/lib/armv7e-m\libg.a(lib_a-sbrkr.o)
 .debug_frame   0x00000000       0x2c c:/program files (x86)/gnu tools arm embedded/5.2 2015q4/bin/../lib/gcc/arm-none-eabi/5.2.1/../../../../arm-none-eabi/lib/armv7e-m\libg.a(lib_a-sbrkr.o)
 .ARM.attributes
                0x00000000       0x2e c:/program files (x86)/gnu tools arm embedded/5.2 2015q4/bin/../lib/gcc/arm-none-eabi/5.2.1/../../../../arm-none-eabi/lib/armv7e-m\libg.a(lib_a-sbrkr.o)
 .text          0x00000000        0x0 c:/program files (x86)/gnu tools arm embedded/5.2 2015q4/bin/../lib/gcc/arm-none-eabi/5.2.1/../../../../arm-none-eabi/lib/armv7e-m\libg.a(lib_a-freer.o)
 .data          0x00000000        0x0 c:/program files (x86)/gnu tools arm embedded/5.2 2015q4/bin/../lib/gcc/arm-none-eabi/5.2.1/../../../../arm-none-eabi/lib/armv7e-m\libg.a(lib_a-freer.o)
 .bss           0x00000000        0x0 c:/program files (x86)/gnu tools arm embedded/5.2 2015q4/bin/../lib/gcc/arm-none-eabi/5.2.1/../../../../arm-none-eabi/lib/armv7e-m\libg.a(lib_a-freer.o)
 .text._malloc_trim_r
                0x00000000       0x9c c:/program files (x86)/gnu tools arm embedded/5.2 2015q4/bin/../lib/gcc/arm-none-eabi/5.2.1/../../../../arm-none-eabi/lib/armv7e-m\libg.a(lib_a-freer.o)
 .text._free_r  0x00000000      0x1d0 c:/program files (x86)/gnu tools arm embedded/5.2 2015q4/bin/../lib/gcc/arm-none-eabi/5.2.1/../../../../arm-none-eabi/lib/armv7e-m\libg.a(lib_a-freer.o)
 .debug_frame   0x00000000       0x74 c:/program files (x86)/gnu tools arm embedded/5.2 2015q4/bin/../lib/gcc/arm-none-eabi/5.2.1/../../../../arm-none-eabi/lib/armv7e-m\libg.a(lib_a-freer.o)
 .ARM.attributes
                0x00000000       0x2e c:/program files (x86)/gnu tools arm embedded/5.2 2015q4/bin/../lib/gcc/arm-none-eabi/5.2.1/../../../../arm-none-eabi/lib/armv7e-m\libg.a(lib_a-freer.o)
 .text          0x00000000        0x0 c:/program files (x86)/gnu tools arm embedded/5.2 2015q4/bin/../lib/gcc/arm-none-eabi/5.2.1/../../../../arm-none-eabi/lib/armv7e-m\libg.a(lib_a-impure.o)
 .data          0x00000000        0x0 c:/program files (x86)/gnu tools arm embedded/5.2 2015q4/bin/../lib/gcc/arm-none-eabi/5.2.1/../../../../arm-none-eabi/lib/armv7e-m\libg.a(lib_a-impure.o)
 .bss           0x00000000        0x0 c:/program files (x86)/gnu tools arm embedded/5.2 2015q4/bin/../lib/gcc/arm-none-eabi/5.2.1/../../../../arm-none-eabi/lib/armv7e-m\libg.a(lib_a-impure.o)
 .data.impure_data
                0x00000000      0x428 c:/program files (x86)/gnu tools arm embedded/5.2 2015q4/bin/../lib/gcc/arm-none-eabi/5.2.1/../../../../arm-none-eabi/lib/armv7e-m\libg.a(lib_a-impure.o)
 .data._impure_ptr
                0x00000000        0x4 c:/program files (x86)/gnu tools arm embedded/5.2 2015q4/bin/../lib/gcc/arm-none-eabi/5.2.1/../../../../arm-none-eabi/lib/armv7e-m\libg.a(lib_a-impure.o)
 .rodata.str1.4
                0x00000000        0x2 c:/program files (x86)/gnu tools arm embedded/5.2 2015q4/bin/../lib/gcc/arm-none-eabi/5.2.1/../../../../arm-none-eabi/lib/armv7e-m\libg.a(lib_a-impure.o)
 .rodata._global_impure_ptr
                0x00000000        0x4 c:/program files (x86)/gnu tools arm embedded/5.2 2015q4/bin/../lib/gcc/arm-none-eabi/5.2.1/../../../../arm-none-eabi/lib/armv7e-m\libg.a(lib_a-impure.o)
 .ARM.attributes
                0x00000000       0x2e c:/program files (x86)/gnu tools arm embedded/5.2 2015q4/bin/../lib/gcc/arm-none-eabi/5.2.1/../../../../arm-none-eabi/lib/armv7e-m\libg.a(lib_a-impure.o)
 .text          0x00000000        0x0 c:/program files (x86)/gnu tools arm embedded/5.2 2015q4/bin/../lib/gcc/arm-none-eabi/5.2.1/../../../../arm-none-eabi/lib/armv7e-m\libg.a(lib_a-reent.o)
 .data          0x00000000        0x0 c:/program files (x86)/gnu tools arm embedded/5.2 2015q4/bin/../lib/gcc/arm-none-eabi/5.2.1/../../../../arm-none-eabi/lib/armv7e-m\libg.a(lib_a-reent.o)
 .bss           0x00000000        0x0 c:/program files (x86)/gnu tools arm embedded/5.2 2015q4/bin/../lib/gcc/arm-none-eabi/5.2.1/../../../../arm-none-eabi/lib/armv7e-m\libg.a(lib_a-reent.o)
 .text.cleanup_glue
                0x00000000       0x1c c:/program files (x86)/gnu tools arm embedded/5.2 2015q4/bin/../lib/gcc/arm-none-eabi/5.2.1/../../../../arm-none-eabi/lib/armv7e-m\libg.a(lib_a-reent.o)
 .text._reclaim_reent
                0x00000000       0x88 c:/program files (x86)/gnu tools arm embedded/5.2 2015q4/bin/../lib/gcc/arm-none-eabi/5.2.1/../../../../arm-none-eabi/lib/armv7e-m\libg.a(lib_a-reent.o)
 .debug_frame   0x00000000       0x58 c:/program files (x86)/gnu tools arm embedded/5.2 2015q4/bin/../lib/gcc/arm-none-eabi/5.2.1/../../../../arm-none-eabi/lib/armv7e-m\libg.a(lib_a-reent.o)
 .ARM.attributes
                0x00000000       0x2e c:/program files (x86)/gnu tools arm embedded/5.2 2015q4/bin/../lib/gcc/arm-none-eabi/5.2.1/../../../../arm-none-eabi/lib/armv7e-m\libg.a(lib_a-reent.o)
 COMMON         0x00000000        0x4 c:/program files (x86)/gnu tools arm embedded/5.2 2015q4/bin/../lib/gcc/arm-none-eabi/5.2.1/../../../../arm-none-eabi/lib/armv7e-m\libg.a(lib_a-reent.o)

Memory Configuration

Name             Origin             Length             Attributes
rom              0x08000000         0x00100000         xr
ram              0x20000000         0x00020000         xrw
ram1             0x10000000         0x00010000         xrw
*default*        0x00000000         0xffffffff

Linker script and memory map

                0x20020000                _eram = 0x20020000

.text           0x08000000     0x236b
 *(.isr_vector)
 .isr_vector    0x08000000      0x188 ..\obj\startup_stm32f4xx.o
                0x08000000                g_pfnVectors
 *(.text*)
 .text.NVIC_EnableIRQ
                0x08000188       0x30 ..\obj\bluetooth.o
 .text.Delayms  0x080001b8       0x58 ..\obj\bluetooth.o
 .text.odczytaj
                0x08000210      0x108 ..\obj\bluetooth.o
                0x08000210                odczytaj
 .text.interpretuj
                0x08000318      0x26c ..\obj\bluetooth.o
                0x08000318                interpretuj
 .text.ustawSilnik
                0x08000584       0x80 ..\obj\bluetooth.o
                0x08000584                ustawSilnik
 .text.send_char
                0x08000604       0x34 ..\obj\bluetooth.o
                0x08000604                send_char
 .text.send_string
                0x08000638       0x28 ..\obj\bluetooth.o
                0x08000638                send_string
 .text.USART3_IRQHandler
                0x08000660       0x3c ..\obj\bluetooth.o
                0x08000660                USART3_IRQHandler
 .text.inicjalizacja
                0x0800069c      0x104 ..\obj\bluetooth.o
                0x0800069c                inicjalizacja
 .text.Conf_GPIO
                0x080007a0       0x58 ..\obj\silniki.o
                0x080007a0                Conf_GPIO
 .text.Conf_Timer4
                0x080007f8       0x40 ..\obj\silniki.o
                0x080007f8                Conf_Timer4
 .text.Conf_PWM
                0x08000838       0x9c ..\obj\silniki.o
                0x08000838                Conf_PWM
 .text.silniki_init
                0x080008d4       0x2c ..\obj\silniki.o
                0x080008d4                silniki_init
 .text.USART_Init
                0x08000900      0x178 ..\obj\stm32f4xx_usart.o
                0x08000900                USART_Init
 .text.USART_Cmd
                0x08000a78       0x40 ..\obj\stm32f4xx_usart.o
                0x08000a78                USART_Cmd
 .text.USART_SendData
                0x08000ab8       0x24 ..\obj\stm32f4xx_usart.o
                0x08000ab8                USART_SendData
 .text.USART_ReceiveData
                0x08000adc       0x20 ..\obj\stm32f4xx_usart.o
                0x08000adc                USART_ReceiveData
 .text.USART_ITConfig
                0x08000afc       0x90 ..\obj\stm32f4xx_usart.o
                0x08000afc                USART_ITConfig
 .text.USART_GetFlagStatus
                0x08000b8c       0x38 ..\obj\stm32f4xx_usart.o
                0x08000b8c                USART_GetFlagStatus
 .text.USART_GetITStatus
                0x08000bc4       0xb4 ..\obj\stm32f4xx_usart.o
                0x08000bc4                USART_GetITStatus
 .text.Default_Reset_Handler
                0x08000c78       0x5c ..\obj\startup_stm32f4xx.o
                0x08000c78                Default_Reset_Handler
                0x08000c78                Reset_Handler
 .text.Default_Handler
                0x08000cd4        0x8 ..\obj\startup_stm32f4xx.o
                0x08000cd4                RTC_Alarm_IRQHandler
                0x08000cd4                HASH_RNG_IRQHandler
                0x08000cd4                EXTI2_IRQHandler
                0x08000cd4                TIM8_CC_IRQHandler
                0x08000cd4                DebugMon_Handler
                0x08000cd4                TIM1_CC_IRQHandler
                0x08000cd4                DMA2_Stream5_IRQHandler
                0x08000cd4                HardFault_Handler
                0x08000cd4                DMA1_Stream5_IRQHandler
                0x08000cd4                PVD_IRQHandler
                0x08000cd4                SDIO_IRQHandler
                0x08000cd4                TAMP_STAMP_IRQHandler
                0x08000cd4                PendSV_Handler
                0x08000cd4                NMI_Handler
                0x08000cd4                CAN2_RX1_IRQHandler
                0x08000cd4                EXTI3_IRQHandler
                0x08000cd4                TIM8_TRG_COM_TIM14_IRQHandler
                0x08000cd4                TIM1_UP_TIM10_IRQHandler
                0x08000cd4                TIM8_UP_TIM13_IRQHandler
                0x08000cd4                I2C3_ER_IRQHandler
                0x08000cd4                EXTI0_IRQHandler
                0x08000cd4                I2C2_EV_IRQHandler
                0x08000cd4                DMA1_Stream2_IRQHandler
                0x08000cd4                CAN1_RX0_IRQHandler
                0x08000cd4                FPU_IRQHandler
                0x08000cd4                OTG_HS_WKUP_IRQHandler
                0x08000cd4                UsageFault_Handler
                0x08000cd4                CAN2_SCE_IRQHandler
                0x08000cd4                DMA2_Stream2_IRQHandler
                0x08000cd4                SPI1_IRQHandler
                0x08000cd4                TIM6_DAC_IRQHandler
                0x08000cd4                TIM1_BRK_TIM9_IRQHandler
                0x08000cd4                DCMI_IRQHandler
                0x08000cd4                CAN2_RX0_IRQHandler
                0x08000cd4                DMA2_Stream3_IRQHandler
                0x08000cd4                USART6_IRQHandler
                0x08000cd4                CRYP_IRQHandler
                0x08000cd4                CAN1_RX1_IRQHandler
                0x08000cd4                UART5_IRQHandler
                0x08000cd4                DMA2_Stream0_IRQHandler
                0x08000cd4                TIM4_IRQHandler
                0x08000cd4                I2C1_EV_IRQHandler
                0x08000cd4                DMA1_Stream6_IRQHandler
                0x08000cd4                DMA1_Stream1_IRQHandler
                0x08000cd4                UART4_IRQHandler
                0x08000cd4                RCC_IRQHandler
                0x08000cd4                TIM8_BRK_TIM12_IRQHandler
                0x08000cd4                EXTI15_10_IRQHandler
                0x08000cd4                ADC_IRQHandler
                0x08000cd4                DMA1_Stream7_IRQHandler
                0x08000cd4                TIM7_IRQHandler
                0x08000cd4                CAN2_TX_IRQHandler
                0x08000cd4                TIM5_IRQHandler
                0x08000cd4                DMA2_Stream7_IRQHandler
                0x08000cd4                I2C3_EV_IRQHandler
                0x08000cd4                EXTI9_5_IRQHandler
                0x08000cd4                RTC_WKUP_IRQHandler
                0x08000cd4                ETH_WKUP_IRQHandler
                0x08000cd4                SPI2_IRQHandler
                0x08000cd4                OTG_HS_EP1_IN_IRQHandler
                0x08000cd4                MemManage_Handler
                0x08000cd4                DMA1_Stream0_IRQHandler
                0x08000cd4                CAN1_TX_IRQHandler
                0x08000cd4                SVC_Handler
                0x08000cd4                EXTI4_IRQHandler
                0x08000cd4                FSMC_IRQHandler
                0x08000cd4                ETH_IRQHandler
                0x08000cd4                OTG_HS_EP1_OUT_IRQHandler
                0x08000cd4                WWDG_IRQHandler
                0x08000cd4                TIM2_IRQHandler
                0x08000cd4                OTG_FS_WKUP_IRQHandler
                0x08000cd4                TIM1_TRG_COM_TIM11_IRQHandler
                0x08000cd4                OTG_HS_IRQHandler
                0x08000cd4                EXTI1_IRQHandler
                0x08000cd4                USART2_IRQHandler
                0x08000cd4                I2C2_ER_IRQHandler
                0x08000cd4                DMA2_Stream1_IRQHandler
                0x08000cd4                CAN1_SCE_IRQHandler
                0x08000cd4                FLASH_IRQHandler
                0x08000cd4                DMA2_Stream4_IRQHandler
                0x08000cd4                BusFault_Handler
                0x08000cd4                USART1_IRQHandler
                0x08000cd4                OTG_FS_IRQHandler
                0x08000cd4                SPI3_IRQHandler
                0x08000cd4                DMA1_Stream4_IRQHandler
                0x08000cd4                I2C1_ER_IRQHandler
                0x08000cd4                DMA2_Stream6_IRQHandler
                0x08000cd4                DMA1_Stream3_IRQHandler
 .text.main     0x08000cdc       0x30 ..\obj\main.o
                0x08000cdc                main
 .text.RCC_GetClocksFreq
                0x08000d0c      0x154 ..\obj\stm32f4xx_rcc.o
                0x08000d0c                RCC_GetClocksFreq
 .text.RCC_AHB1PeriphClockCmd
                0x08000e60       0x3c ..\obj\stm32f4xx_rcc.o
                0x08000e60                RCC_AHB1PeriphClockCmd
 .text.RCC_APB1PeriphClockCmd
                0x08000e9c       0x3c ..\obj\stm32f4xx_rcc.o
                0x08000e9c                RCC_APB1PeriphClockCmd
 .text.Delay    0x08000ed8       0x58 ..\obj\tm_stm32f4_hcsr04.o
 .text.TM_HCSR04_Init
                0x08000f30       0x8c ..\obj\tm_stm32f4_hcsr04.o
                0x08000f30                TM_HCSR04_Init
 .text.TM_HCSR04_Read
                0x08000fbc       0xa8 ..\obj\tm_stm32f4_hcsr04.o
                0x08000fbc                TM_HCSR04_Read
 .text.NVIC_SetPriority
                0x08001064       0x54 ..\obj\tm_stm32f4_delay.o
 .text.SysTick_Config
                0x080010b8       0x44 ..\obj\tm_stm32f4_delay.o
 .text.SysTick_Handler
                0x080010fc       0xf0 ..\obj\tm_stm32f4_delay.o
                0x080010fc                SysTick_Handler
 .text.TM_DELAY_Init
                0x080011ec       0x50 ..\obj\tm_stm32f4_delay.o
                0x080011ec                TM_DELAY_Init
 .text.GPIO_Init
                0x0800123c      0x11c ..\obj\stm32f4xx_gpio.o
                0x0800123c                GPIO_Init
 .text.GPIO_SetBits
                0x08001358       0x1c ..\obj\stm32f4xx_gpio.o
                0x08001358                GPIO_SetBits
 .text.GPIO_ResetBits
                0x08001374       0x1c ..\obj\stm32f4xx_gpio.o
                0x08001374                GPIO_ResetBits
 .text.GPIO_PinAFConfig
                0x08001390       0x90 ..\obj\stm32f4xx_gpio.o
                0x08001390                GPIO_PinAFConfig
 .text.SystemInit
                0x08001420       0x5c ..\obj\system_stm32f4xx.o
                0x08001420                SystemInit
 .text.SetSysClock
                0x0800147c       0xf4 ..\obj\system_stm32f4xx.o
 .text.czujnik_init
                0x08001570       0x3c ..\obj\czujnik.o
                0x08001570                czujnik_init
 .text.tim3_init
                0x080015ac       0x40 ..\obj\czujnik.o
                0x080015ac                tim3_init
 .text.przerwania_tim3_init
                0x080015ec       0x44 ..\obj\czujnik.o
                0x080015ec                przerwania_tim3_init
 .text.TIM3_IRQHandler
                0x08001630       0x88 ..\obj\czujnik.o
                0x08001630                TIM3_IRQHandler
 .text.diody_init
                0x080016b8       0x34 ..\obj\czujnik.o
                0x080016b8                diody_init
 .text.NVIC_PriorityGroupConfig
                0x080016ec       0x24 ..\obj\misc.o
                0x080016ec                NVIC_PriorityGroupConfig
 .text.NVIC_Init
                0x08001710       0xc0 ..\obj\misc.o
                0x08001710                NVIC_Init
 .text.TM_GPIO_Init
                0x080017d0       0x48 ..\obj\tm_stm32f4_gpio.o
                0x080017d0                TM_GPIO_Init
 .text.TM_GPIO_GetPortSource
                0x08001818       0x20 ..\obj\tm_stm32f4_gpio.o
                0x08001818                TM_GPIO_GetPortSource
 .text.TM_GPIO_INT_EnableClock
                0x08001838       0x30 ..\obj\tm_stm32f4_gpio.o
                0x08001838                TM_GPIO_INT_EnableClock
 .text.TM_GPIO_INT_Init
                0x08001868      0x110 ..\obj\tm_stm32f4_gpio.o
                0x08001868                TM_GPIO_INT_Init
 .text.TIM_TimeBaseInit
                0x08001978       0xd4 ..\obj\stm32f4xx_tim.o
                0x08001978                TIM_TimeBaseInit
 .text.TIM_Cmd  0x08001a4c       0x40 ..\obj\stm32f4xx_tim.o
                0x08001a4c                TIM_Cmd
 .text.TIM_OC1Init
                0x08001a8c       0xf4 ..\obj\stm32f4xx_tim.o
                0x08001a8c                TIM_OC1Init
 .text.TIM_OC3Init
                0x08001b80      0x10c ..\obj\stm32f4xx_tim.o
                0x08001b80                TIM_OC3Init
 .text.TIM_OC1PreloadConfig
                0x08001c8c       0x38 ..\obj\stm32f4xx_tim.o
                0x08001c8c                TIM_OC1PreloadConfig
 .text.TIM_OC3PreloadConfig
                0x08001cc4       0x38 ..\obj\stm32f4xx_tim.o
                0x08001cc4                TIM_OC3PreloadConfig
 .text.TIM_ITConfig
                0x08001cfc       0x48 ..\obj\stm32f4xx_tim.o
                0x08001cfc                TIM_ITConfig
 .text.TIM_GetITStatus
                0x08001d44       0x54 ..\obj\stm32f4xx_tim.o
                0x08001d44                TIM_GetITStatus
 .text.TIM_ClearITPendingBit
                0x08001d98       0x20 ..\obj\stm32f4xx_tim.o
                0x08001d98                TIM_ClearITPendingBit
 .text          0x08001db8      0x21c c:/program files (x86)/gnu tools arm embedded/5.2 2015q4/bin/../lib/gcc/arm-none-eabi/5.2.1/armv7e-m\libgcc.a(_arm_addsubsf3.o)
                0x08001db8                __aeabi_frsub
                0x08001dc0                __subsf3
                0x08001dc0                __aeabi_fsub
                0x08001dc4                __aeabi_fadd
                0x08001dc4                __addsf3
                0x08001f24                __aeabi_ui2f
                0x08001f24                __floatunsisf
                0x08001f2c                __aeabi_i2f
                0x08001f2c                __floatsisf
                0x08001f48                __aeabi_ul2f
                0x08001f48                __floatundisf
                0x08001f58                __aeabi_l2f
                0x08001f58                __floatdisf
 .text          0x08001fd4      0x2a0 c:/program files (x86)/gnu tools arm embedded/5.2 2015q4/bin/../lib/gcc/arm-none-eabi/5.2.1/armv7e-m\libgcc.a(_arm_muldivsf3.o)
                0x08001fd4                __mulsf3
                0x08001fd4                __aeabi_fmul
                0x0800213c                __aeabi_fdiv
                0x0800213c                __divsf3
 .text          0x08002274       0xec c:/program files (x86)/gnu tools arm embedded/5.2 2015q4/bin/../lib/gcc/arm-none-eabi/5.2.1/armv7e-m\libgcc.a(_arm_cmpsf2.o)
                0x08002274                __gesf2
                0x08002274                __gtsf2
                0x0800227c                __lesf2
                0x0800227c                __ltsf2
                0x08002284                __nesf2
                0x08002284                __eqsf2
                0x08002284                __cmpsf2
                0x080022e4                __aeabi_cfrcmple
                0x080022ec                __aeabi_cfcmpeq
                0x080022ec                __aeabi_cfcmple
                0x080022fc                __aeabi_fcmpeq
                0x08002310                __aeabi_fcmplt
                0x08002324                __aeabi_fcmple
                0x08002338                __aeabi_fcmpge
                0x0800234c                __aeabi_fcmpgt
 *(.init)
 *(.fini)
 *crtbegin.o(.ctors)
 *crtbegin?.o(.ctors)
 *(EXCLUDE_FILE(*crtend.o *crtend?.o) .ctors)
 *(SORT(.ctors.*))
 *(.ctors)
 *crtbegin.o(.dtors)
 *crtbegin?.o(.dtors)
 *(EXCLUDE_FILE(*crtend.o *crtend?.o) .dtors)
 *(SORT(.dtors.*))
 *(.dtors)
 *(.rodata*)
 .rodata        0x08002360        0xb ..\obj\bluetooth.o
                0x08002360                dlugosc
 *(.eh_fram e*)

.glue_7         0x0800236c        0x0
 .glue_7        0x0800236c        0x0 linker stubs

.glue_7t        0x0800236c        0x0
 .glue_7t       0x0800236c        0x0 linker stubs

.vfp11_veneer   0x0800236c        0x0
 .vfp11_veneer  0x0800236c        0x0 linker stubs

.v4_bx          0x0800236c        0x0
 .v4_bx         0x0800236c        0x0 linker stubs

.iplt           0x0800236c        0x0
 .iplt          0x0800236c        0x0 ..\obj\bluetooth.o

.rel.dyn        0x0800236c        0x0
 .rel.iplt      0x0800236c        0x0 ..\obj\bluetooth.o

.ARM.extab
 *(.ARM.extab* .gnu.linkonce.armextab.*)
                0x0800236c                __exidx_start = .

.ARM.exidx
 *(.ARM.exidx* .gnu.linkonce.armexidx.*)
                0x0800236c                __exidx_end = .
                0x0800236c                __etext = .
                0x0800236b                _sidata = __etext

.data           0x20000000       0x30 load address 0x0800236b
                0x20000000                __data_start__ = .
                0x20000000                _sdata = __data_start__
 *(vtable)
 *(.data*)
 .data          0x20000000        0xc ..\obj\bluetooth.o
                0x20000000                znak
                0x20000002                dane_serwo
                0x20000004                serwo_max
                0x20000006                serwo_medium
                0x20000008                serwo_min
                0x2000000a                silnik_max
 .data          0x2000000c       0x10 ..\obj\stm32f4xx_rcc.o
 .data          0x2000001c       0x14 ..\obj\system_stm32f4xx.o
                0x2000001c                SystemCoreClock
                0x20000020                AHBPrescTable
                0x20000030                . = ALIGN (0x4)
                [!provide]                PROVIDE (__preinit_array_start, .)
 *(.preinit_array)
                [!provide]                PROVIDE (__preinit_array_end, .)
                0x20000030                . = ALIGN (0x4)
                [!provide]                PROVIDE (__init_array_start, .)
 *(SORT(.init_array.*))
 *(.init_array)
                [!provide]                PROVIDE (__init_array_end, .)
                0x20000030                . = ALIGN (0x4)
                [!provide]                PROVIDE (__fini_array_start, .)
 *(SORT(.fini_array.*))
 *(.fini_array)
                [!provide]                PROVIDE (__fini_array_end, .)
 *(.jcr*)
                0x20000030                . = ALIGN (0x4)
                0x20000030                __data_end__ = .
                0x20000030                _edata = __data_end__

.igot.plt       0x20000030        0x0 load address 0x0800239c
 .igot.plt      0x20000030        0x0 ..\obj\bluetooth.o

.bss            0x20000030       0x64 load address 0x0800239c
                0x20000030                . = ALIGN (0x4)
                0x20000030                __bss_start__ = .
                0x20000030                _sbss = __bss_start__
 *(.bss*)
 .bss           0x20000030        0xa ..\obj\bluetooth.o
                0x20000030                poprawnoscDanych
                0x20000032                odebraneDane
                0x20000034                licznik
                0x20000036                dane_silnik
                0x20000038                silnik_min
 *fill*         0x2000003a        0x2 
 .bss           0x2000003c       0x28 ..\obj\tm_stm32f4_delay.o
                0x2000003c                TM_TimingDelay
                0x20000040                TM_Time
                0x20000044                TM_Time2
                0x20000048                TM_DELAY_Initialized
 .bss           0x20000064       0x16 ..\obj\tm_stm32f4_gpio.o
 *(COMMON)
 *fill*         0x2000007a        0x2 
 COMMON         0x2000007c        0x4 ..\obj\tm_stm32f4_delay.o
                0x2000007c                mult
 COMMON         0x20000080       0x14 ..\obj\czujnik.o
                0x20000080                czujnik
                0x20000094                . = ALIGN (0x4)
                0x20000094                __bss_end__ = .
                0x20000094                _ebss = __bss_end__

.heap           0x20000094        0x0
                0x20000094                __end__ = .
                0x20000094                _end = __end__
                0x20000094                end = __end__
 *(.heap*)
                0x20000094                __HeapLimit = .

.co_stack       0x20000094      0x804 load address 0x08002400
                0x20000098                . = ALIGN (0x8)
 *fill*         0x20000094        0x4 
 *(.co_stack .co_stack.*)
 .co_stack      0x20000098      0x800 ..\obj\startup_stm32f4xx.o
                0x20000098                pulStack
                0x20020000                __StackTop = (ORIGIN (ram) + LENGTH (ram))
                0x2001f7fc                __StackLimit = (__StackTop - SIZEOF (.co_stack))
                [!provide]                PROVIDE (__stack, __StackTop)
                0x00000001                ASSERT ((__StackLimit >= __HeapLimit), region ram  overflowed with stack)
LOAD ..\obj\bluetooth.o
LOAD ..\obj\stm32f4xx_syscfg.o
LOAD ..\obj\silniki.o
LOAD ..\obj\stm32f4xx_usart.o
LOAD ..\obj\startup_stm32f4xx.o
LOAD ..\obj\main.o
LOAD ..\obj\stm32f4xx_rcc.o
LOAD ..\obj\tm_stm32f4_hcsr04.o
LOAD ..\obj\stm32f4xx_dcmi.o
LOAD ..\obj\tm_stm32f4_delay.o
LOAD ..\obj\stm32f4xx_gpio.o
LOAD ..\obj\system_stm32f4xx.o
LOAD ..\obj\czujnik.o
LOAD ..\obj\stm32f4xx_exti.o
LOAD ..\obj\misc.o
LOAD ..\obj\tm_stm32f4_gpio.o
LOAD ..\obj\tm_stm32f4_timer_properties.o
LOAD ..\obj\stm32f4xx_tim.o
START GROUP
LOAD c:/program files (x86)/gnu tools arm embedded/5.2 2015q4/bin/../lib/gcc/arm-none-eabi/5.2.1/armv7e-m\libgcc.a
LOAD c:/program files (x86)/gnu tools arm embedded/5.2 2015q4/bin/../lib/gcc/arm-none-eabi/5.2.1/../../../../arm-none-eabi/lib/armv7e-m\libg.a
LOAD c:/program files (x86)/gnu tools arm embedded/5.2 2015q4/bin/../lib/gcc/arm-none-eabi/5.2.1/../../../../arm-none-eabi/lib/armv7e-m\libc.a
END GROUP
OUTPUT(czujnik_odleglosci.elf elf32-littlearm)

.debug_info     0x00000000     0x76e1
 .debug_info    0x00000000      0xccb ..\obj\bluetooth.o
 .debug_info    0x00000ccb      0x5f0 ..\obj\silniki.o
 .debug_info    0x000012bb      0x9ca ..\obj\stm32f4xx_usart.o
 .debug_info    0x00001c85       0xed ..\obj\startup_stm32f4xx.o
 .debug_info    0x00001d72      0x132 ..\obj\main.o
 .debug_info    0x00001ea4      0xc59 ..\obj\stm32f4xx_rcc.o
 .debug_info    0x00002afd      0x379 ..\obj\tm_stm32f4_hcsr04.o
 .debug_info    0x00002e76      0xa0f ..\obj\tm_stm32f4_delay.o
 .debug_info    0x00003885      0x61a ..\obj\stm32f4xx_gpio.o
 .debug_info    0x00003e9f      0x596 ..\obj\system_stm32f4xx.o
 .debug_info    0x00004435      0x8d5 ..\obj\czujnik.o
 .debug_info    0x00004d0a      0x541 ..\obj\misc.o
 .debug_info    0x0000524b      0x82d ..\obj\tm_stm32f4_gpio.o
 .debug_info    0x00005a78     0x1c69 ..\obj\stm32f4xx_tim.o

.debug_abbrev   0x00000000     0x14ed
 .debug_abbrev  0x00000000      0x295 ..\obj\bluetooth.o
 .debug_abbrev  0x00000295      0x119 ..\obj\silniki.o
 .debug_abbrev  0x000003ae      0x157 ..\obj\stm32f4xx_usart.o
 .debug_abbrev  0x00000505       0xb0 ..\obj\startup_stm32f4xx.o
 .debug_abbrev  0x000005b5       0xbb ..\obj\main.o
 .debug_abbrev  0x00000670      0x1e5 ..\obj\stm32f4xx_rcc.o
 .debug_abbrev  0x00000855      0x137 ..\obj\tm_stm32f4_hcsr04.o
 .debug_abbrev  0x0000098c      0x2cf ..\obj\tm_stm32f4_delay.o
 .debug_abbrev  0x00000c5b      0x1a7 ..\obj\stm32f4xx_gpio.o
 .debug_abbrev  0x00000e02      0x138 ..\obj\system_stm32f4xx.o
 .debug_abbrev  0x00000f3a      0x192 ..\obj\czujnik.o
 .debug_abbrev  0x000010cc      0x147 ..\obj\misc.o
 .debug_abbrev  0x00001213      0x151 ..\obj\tm_stm32f4_gpio.o
 .debug_abbrev  0x00001364      0x189 ..\obj\stm32f4xx_tim.o

.debug_aranges  0x00000000      0x8d0
 .debug_aranges
                0x00000000       0x60 ..\obj\bluetooth.o
 .debug_aranges
                0x00000060       0x38 ..\obj\silniki.o
 .debug_aranges
                0x00000098      0x100 ..\obj\stm32f4xx_usart.o
 .debug_aranges
                0x00000198       0x28 ..\obj\startup_stm32f4xx.o
 .debug_aranges
                0x000001c0       0x20 ..\obj\main.o
 .debug_aranges
                0x000001e0      0x178 ..\obj\stm32f4xx_rcc.o
 .debug_aranges
                0x00000358       0x30 ..\obj\tm_stm32f4_hcsr04.o
 .debug_aranges
                0x00000388       0x80 ..\obj\tm_stm32f4_delay.o
 .debug_aranges
                0x00000408       0x88 ..\obj\stm32f4xx_gpio.o
 .debug_aranges
                0x00000490       0x30 ..\obj\system_stm32f4xx.o
 .debug_aranges
                0x000004c0       0x40 ..\obj\czujnik.o
 .debug_aranges
                0x00000500       0x40 ..\obj\misc.o
 .debug_aranges
                0x00000540       0x98 ..\obj\tm_stm32f4_gpio.o
 .debug_aranges
                0x000005d8      0x2f8 ..\obj\stm32f4xx_tim.o

.debug_ranges   0x00000000      0x7f0
 .debug_ranges  0x00000000       0x50 ..\obj\bluetooth.o
 .debug_ranges  0x00000050       0x28 ..\obj\silniki.o
 .debug_ranges  0x00000078       0xf0 ..\obj\stm32f4xx_usart.o
 .debug_ranges  0x00000168       0x18 ..\obj\startup_stm32f4xx.o
 .debug_ranges  0x00000180       0x10 ..\obj\main.o
 .debug_ranges  0x00000190      0x168 ..\obj\stm32f4xx_rcc.o
 .debug_ranges  0x000002f8       0x20 ..\obj\tm_stm32f4_hcsr04.o
 .debug_ranges  0x00000318       0x70 ..\obj\tm_stm32f4_delay.o
 .debug_ranges  0x00000388       0x78 ..\obj\stm32f4xx_gpio.o
 .debug_ranges  0x00000400       0x20 ..\obj\system_stm32f4xx.o
 .debug_ranges  0x00000420       0x30 ..\obj\czujnik.o
 .debug_ranges  0x00000450       0x30 ..\obj\misc.o
 .debug_ranges  0x00000480       0x88 ..\obj\tm_stm32f4_gpio.o
 .debug_ranges  0x00000508      0x2e8 ..\obj\stm32f4xx_tim.o

.debug_line     0x00000000     0x2e89
 .debug_line    0x00000000      0x356 ..\obj\bluetooth.o
 .debug_line    0x00000356      0x223 ..\obj\silniki.o
 .debug_line    0x00000579      0x475 ..\obj\stm32f4xx_usart.o
 .debug_line    0x000009ee       0x88 ..\obj\startup_stm32f4xx.o
 .debug_line    0x00000a76      0x1ba ..\obj\main.o
 .debug_line    0x00000c30      0x561 ..\obj\stm32f4xx_rcc.o
 .debug_line    0x00001191      0x24b ..\obj\tm_stm32f4_hcsr04.o
 .debug_line    0x000013dc      0x363 ..\obj\tm_stm32f4_delay.o
 .debug_line    0x0000173f      0x31c ..\obj\stm32f4xx_gpio.o
 .debug_line    0x00001a5b      0x1d0 ..\obj\system_stm32f4xx.o
 .debug_line    0x00001c2b      0x279 ..\obj\czujnik.o
 .debug_line    0x00001ea4      0x1fa ..\obj\misc.o
 .debug_line    0x0000209e      0x36e ..\obj\tm_stm32f4_gpio.o
 .debug_line    0x0000240c      0xa7d ..\obj\stm32f4xx_tim.o

.debug_str      0x00000000     0x2a8f
 .debug_str     0x00000000      0xaf7 ..\obj\bluetooth.o
                                0xbf2 (size before relaxing)
 .debug_str     0x00000af7      0x1bf ..\obj\silniki.o
                                0x5a6 (size before relaxing)
 .debug_str     0x00000cb6      0x404 ..\obj\stm32f4xx_usart.o
                                0x676 (size before relaxing)
 .debug_str     0x000010ba       0x97 ..\obj\startup_stm32f4xx.o
                                0x12e (size before relaxing)
 .debug_str     0x00001151       0x28 ..\obj\main.o
                                0x1ae (size before relaxing)
 .debug_str     0x00001179      0x5ca ..\obj\stm32f4xx_rcc.o
                                0x837 (size before relaxing)
 .debug_str     0x00001743      0x1a7 ..\obj\tm_stm32f4_hcsr04.o
                                0x37d (size before relaxing)
 .debug_str     0x000018ea      0x267 ..\obj\tm_stm32f4_delay.o
                                0x9bc (size before relaxing)
 .debug_str     0x00001b51      0x16e ..\obj\stm32f4xx_gpio.o
                                0x48a (size before relaxing)
 .debug_str     0x00001cbf       0x9b ..\obj\system_stm32f4xx.o
                                0x391 (size before relaxing)
 .debug_str     0x00001d5a       0x84 ..\obj\czujnik.o
                                0xb0d (size before relaxing)
 .debug_str     0x00001dde       0xfa ..\obj\misc.o
                                0x3b5 (size before relaxing)
 .debug_str     0x00001ed8      0x1d2 ..\obj\tm_stm32f4_gpio.o
                                0x599 (size before relaxing)
 .debug_str     0x000020aa      0x9e5 ..\obj\stm32f4xx_tim.o
                                0xdb7 (size before relaxing)

.comment        0x00000000       0x6e
 .comment       0x00000000       0x6e ..\obj\bluetooth.o
                                 0x6f (size before relaxing)
 .comment       0x0000006e       0x6f ..\obj\silniki.o
 .comment       0x0000006e       0x6f ..\obj\stm32f4xx_usart.o
 .comment       0x0000006e       0x6f ..\obj\startup_stm32f4xx.o
 .comment       0x0000006e       0x6f ..\obj\main.o
 .comment       0x0000006e       0x6f ..\obj\stm32f4xx_rcc.o
 .comment       0x0000006e       0x6f ..\obj\tm_stm32f4_hcsr04.o
 .comment       0x0000006e       0x6f ..\obj\tm_stm32f4_delay.o
 .comment       0x0000006e       0x6f ..\obj\stm32f4xx_gpio.o
 .comment       0x0000006e       0x6f ..\obj\system_stm32f4xx.o
 .comment       0x0000006e       0x6f ..\obj\czujnik.o
 .comment       0x0000006e       0x6f ..\obj\misc.o
 .comment       0x0000006e       0x6f ..\obj\tm_stm32f4_gpio.o
 .comment       0x0000006e       0x6f ..\obj\stm32f4xx_tim.o

.ARM.attributes
                0x00000000       0x33
 .ARM.attributes
                0x00000000       0x33 ..\obj\bluetooth.o
 .ARM.attributes
                0x00000033       0x33 ..\obj\silniki.o
 .ARM.attributes
                0x00000066       0x33 ..\obj\stm32f4xx_usart.o
 .ARM.attributes
                0x00000099       0x33 ..\obj\startup_stm32f4xx.o
 .ARM.attributes
                0x000000cc       0x33 ..\obj\main.o
 .ARM.attributes
                0x000000ff       0x33 ..\obj\stm32f4xx_rcc.o
 .ARM.attributes
                0x00000132       0x33 ..\obj\tm_stm32f4_hcsr04.o
 .ARM.attributes
                0x00000165       0x33 ..\obj\tm_stm32f4_delay.o
 .ARM.attributes
                0x00000198       0x33 ..\obj\stm32f4xx_gpio.o
 .ARM.attributes
                0x000001cb       0x33 ..\obj\system_stm32f4xx.o
 .ARM.attributes
                0x000001fe       0x33 ..\obj\czujnik.o
 .ARM.attributes
                0x00000231       0x33 ..\obj\misc.o
 .ARM.attributes
                0x00000264       0x33 ..\obj\tm_stm32f4_gpio.o
 .ARM.attributes
                0x00000297       0x33 ..\obj\stm32f4xx_tim.o
 .ARM.attributes
                0x000002ca       0x1e c:/program files (x86)/gnu tools arm embedded/5.2 2015q4/bin/../lib/gcc/arm-none-eabi/5.2.1/armv7e-m\libgcc.a(_arm_addsubsf3.o)
 .ARM.attributes
                0x000002e8       0x1e c:/program files (x86)/gnu tools arm embedded/5.2 2015q4/bin/../lib/gcc/arm-none-eabi/5.2.1/armv7e-m\libgcc.a(_arm_muldivsf3.o)
 .ARM.attributes
                0x00000306       0x1e c:/program files (x86)/gnu tools arm embedded/5.2 2015q4/bin/../lib/gcc/arm-none-eabi/5.2.1/armv7e-m\libgcc.a(_arm_cmpsf2.o)

.debug_frame    0x00000000     0x2550
 .debug_frame   0x00000000      0x158 ..\obj\bluetooth.o
 .debug_frame   0x00000158       0x98 ..\obj\silniki.o
 .debug_frame   0x000001f0      0x490 ..\obj\stm32f4xx_usart.o
 .debug_frame   0x00000680       0x4c ..\obj\startup_stm32f4xx.o
 .debug_frame   0x000006cc       0x2c ..\obj\main.o
 .debug_frame   0x000006f8      0x6d4 ..\obj\stm32f4xx_rcc.o
 .debug_frame   0x00000dcc       0x84 ..\obj\tm_stm32f4_hcsr04.o
 .debug_frame   0x00000e50      0x1ec ..\obj\tm_stm32f4_delay.o
 .debug_frame   0x0000103c      0x23c ..\obj\stm32f4xx_gpio.o
 .debug_frame   0x00001278       0x7c ..\obj\system_stm32f4xx.o
 .debug_frame   0x000012f4       0xbc ..\obj\czujnik.o
 .debug_frame   0x000013b0       0xd8 ..\obj\misc.o
 .debug_frame   0x00001488      0x274 ..\obj\tm_stm32f4_gpio.o
 .debug_frame   0x000016fc      0xe54 ..\obj\stm32f4xx_tim.o
